PASS: vendored core provenance, exact file inventory and bounded patch bytes
    Finished `release` profile [optimized] target(s) in 0.38s
     Running unittests src/lib.rs (/tmp/d15-native-target/release/deps/retro_coop_d02-50b0e7b04c520faa)

running 29 tests
test battery::tests::mmc1_bank_partial_serial_state_and_ram_survive_battery_restore ... ok
test battery::tests::invalid_battery_files_are_transactional_and_identity_is_exact ... ok
test local_player::tests::battery_abi_bounds_binding_and_failure_preserve_loaded_game ... ok
test banked_ram::cpu_banks_mirrors_enable_and_serial_reset_follow_board_wiring ... ok
test local_state::tests::dma_instruction_can_cross_frame_boundary_without_losing_the_save ... ok
test local_state::tests::chr_rom_axrom_banks_and_chr_ram_are_restored_from_local_geometry ... ok
test local_state::tests::parser_caps_and_canonical_form_reject_before_typed_decode ... ok
test battery::tests::mmc3_and_bandai_battery_extensions_roundtrip_and_replay ... ok
test local_state::tests::unvalidated_save_profile_never_blocks_local_play_or_battery ... ok
test checkpoint::tests::preserves_cpu_jam_flag_which_upstream_omits ... ok
test memory_tail::tests::fragment_contains_only_mutable_tail_and_preserves_local_rom ... ok
test memory_tail::tests::invalid_fragments_leave_all_memory_untouched ... ok
test memory_tail::tests::upstream_memory_decoder_accepts_small_payload_requesting_large_arena ... ok
test realtime_tests::manual_controller_ports_render_and_release ... ok
test local_state::tests::validation_only_uses_restore_decoder_without_replacing_progress ... ok
test rewind::tests::actual_capacity_at_the_shared_file_limit_leaves_room_for_restore_scratch ... ok
test checkpoint::tests::adversarial_inputs_fail_before_mutating_live_core ... ok
test rewind::tests::wrapped_cpu_cycles_short_history_and_invalid_targets_preserve_state ... ok
test local_state::tests::untrusted_geometry_types_clocks_mapper_registers_and_identity_are_transactional ... ok
test local_player::tests::non_nrom_local_save_replay_and_errors ... ok
test local_state::tests::real_cpu_mirrored_mmc1_writes_restore_with_early_and_lazy_codecs ... ok
test checkpoint::tests::complete_roundtrip_restores_hardware_and_new_audio_epoch ... ok
test banked_ram::banked_state_battery_partial_serial_and_invalid_imports_share_existing_owners ... ok
test local_state::tests::changed_banks_partial_serial_irq_and_regions_restore_then_replay ... ok
test local_state::tests::live_hash_covers_power_on_mapper_and_identity_without_relaxing_restore ... ok
test local_state::tests::codec_identity_is_stable_after_play_and_pal_five_step_timing_is_valid ... ok
test realtime_tests::presentation_filter_preserves_core_checkpoint_and_raw_video ... ok
test banked_ram::cpu_written_banked_progress_rewinds_ten_actual_regional_seconds ... ok
test rewind::tests::regional_changed_banks_ram_serial_irq_rewind_with_capacity_accounting ... ok

test result: ok. 29 passed; 0 failed; 0 ignored; 0 measured; 0 filtered out; finished in 16.61s

PASS: worklet capacity, actual PCM, underrun, epoch flush/fade, stale rejection, drain notification and frozen accounting
PASS: bounded scheduling resumes identical inputs; absolute voice slots avoid drift and expose missed samples
PASS: actual hello match/mismatch, bounded input/hash envelopes and duplicate rejection
.......
----------------------------------------------------------------------
Ran 7 tests in 0.094s

OK
..................
----------------------------------------------------------------------
Ran 18 tests in 3.406s

OK
........
----------------------------------------------------------------------
Ran 8 tests in 0.022s

OK

> typecheck
> tsc --noEmit


> test
> node --test apps/coordinator/src/*.test.ts packages/contracts/src/*.test.ts apps/client/src/*.test.ts

✔ admission is structural, accepts unknown mapper metadata and large valid files (1.382945ms)
✔ malformed header, truncation and impossible NES2 exponent sizes fail locally (0.75436ms)
✔ neutral defaults depend only on random values, never cartridge data (1.063021ms)
✔ explicit retry preserves message identity and draft, and membership changes reject late responses (4.000118ms)
✔ received own message confirms delivery once; stale membership events cannot leak into a rejoin (2.631759ms)
✔ current-member chat retains at most 100 messages and clears on room closure (7.380089ms)
✔ all eight NES inputs and reserved talk binding share conflict detection (1.15682ms)
✔ gamepad axes/buttons use the demo-owned defaults and custom assignments (0.799494ms)
✔ default restoration returns independent mapping arrays (1.051089ms)
✔ stored controls reject malformed shapes and cross-action conflicts without throwing (1.026194ms)
✔ released pad buttons and axes stay neutral until each physical input releases (0.544565ms)
✔ a replaced peer channel cannot change the current game through a delayed message (36.544646ms)
✔ a completed old readiness request cannot overwrite a later membership change (24.038682ms)
✔ explicit host retry submits readiness regardless of guest inspection order (4.203818ms)
✔ canceling an in-flight readiness offer releases only that operation ownership (4.52083ms)
✔ current input and completed state hash wake the existing frame owner without polling (18.386845ms)
✔ both clients map acknowledged P1 ownership and shared P1 discards even forged nonowner input (20.779061ms)
✔ two independent delayed schedulers commit identical controller pairs through packet stalls (5.46798ms)
✔ epochs, bounded windows, duplicates and missing hashes cannot advance a wrong timeline (2.893471ms)
✔ ordered checkpoint admission rejects omitted checkpoints and repeats after comparison (0.679118ms)
✔ fixed input proposal uses observed round trip and worker-reported pacing rate within approved bounds (0.431101ms)
✔ late permission grant after leaving stops capture and cannot attach to replacement peer (6.646459ms)
✔ blur during permission request stays muted; push-to-talk release and device end stop transmission (1.521688ms)
✔ switching devices stops the old capture and requires deliberate unmute (2.804032ms)
✔ permission denial preserves a useful retry state without touching gameplay (0.644793ms)
✔ leaving before queued setup begins never asks for microphone permission (0.314739ms)
✔ selected Chrome and Firefox candidate pairs report the actual route (1.241402ms)
✔ transient disconnect recovers once; failed still terminates transport (18.966418ms)
✔ transient disconnect recovers once; channel-close still terminates transport (5.622964ms)
✔ transient disconnect recovers once; channel-error still terminates transport (7.773811ms)
✔ a replaced connection cannot deliver its delayed readiness or RTT (1.884351ms)
✔ chat is membership-scoped, works before a guest ROM and never replays pre-join history (10.603479ms)
✔ latest retry receipt survives other members messages without rebroadcasting uncertain delivery (1.941453ms)
✔ chat wire format enforces Unicode character bound and rejects attachments or forged fields (1.335877ms)
✔ controller changes need current host proposal and both explicit acceptances before fresh readiness (4.007008ms)
✔ decline cancel timeout disconnect and replacement keep progress and cannot reuse consent (1.398293ms)
✔ paused reassignment replaces epoch and cannot consume earlier readiness or start acknowledgement (0.861576ms)
✔ wire commands reject forged fields malformed ownership revisions and extra claims (0.852783ms)
✔ exact file prerequisites and both initial acknowledgements precede established membership (8.950694ms)
✔ progressed hosts, timeout, cancellation and changed peers cannot silently start or promote (4.831417ms)
✔ authenticated room routing protects controller requests and replacement guests (2.099981ms)
✔ confirmed kick cannot remove a replacement guest; current kick revokes only its target (6.390274ms)
✔ reusing a client intent never restores a prior membership or delayed chat authority (1.957874ms)
✔ host actions target the confirmed room, not a newer room belonging to the same host (1.11145ms)
✔ host mutation wire schema requires exact targets and rejects public authority extensions (1.088389ms)
✔ operator listener requires private owned directory and has no public HTTP or WebSocket command (74.437415ms)
✔ confirmed operator removal closes exact room and directory entry without disclosing private content (28.624793ms)
✔ address block revokes old token, targets canonical proxy client, rejects fresh connections and expires (14.178658ms)
✔ changed admission membership invalidates prepared block and malformed commands cannot mutate (9.826515ms)
✔ confirmation expires, consumes failed targets, and bounds pending requests (1.662839ms)
✔ a stale transport cannot revoke a session that moved to another connection (0.415944ms)
✔ CLI presents exact action and cancellation leaves target connected (128.74143ms)
✔ actual coordinator entry point enables only private operator socket and shuts it down (161.37768ms)
✔ CLI escapes terminal direction controls in untrusted room labels (206.639533ms)
✔ both authenticated members acknowledge effective relay before any signal is forwarded (17.507285ms)
✔ relay denial never emits preparation; released capacity supports explicit retry (5.492369ms)
✔ policy and socket changes invalidate epochs; cancellation and expiry remove signaling authority (2.582382ms)
✔ negotiation timeouts and signaling schema are bounded independently of room lease (1.853819ms)
✔ hello applies stricter policy before recovering an existing room transport (1.240917ms)
✔ public-code admission captures the same strict policy before preparing peers (1.205642ms)
✔ either local policy change renews the epoch even when the other peer keeps relay required (1.711224ms)
✔ preparing deadline publishes failed state to both members without another command (1.143714ms)
✔ connecting deadline publishes failed state to both members without another command (2.126337ms)
✔ ICE completion markers remain authenticated and safe under relay-only policy (1.159117ms)
✔ trusted proxy preserves per-client admission rather than capping the entire deployment at twenty sockets (40.666758ms)
✔ one trusted client still hits its address limit and direct clients cannot spoof forwarding identity (37.358185ms)
✔ trusted path rejects absent, invalid and ambiguous identity instead of guessing a client (5.44112ms)
✔ proxy trust must be explicit literal addresses, never arbitrary forwarded-header trust (2.197716ms)
✔ equivalent IPv6 and IPv4-mapped addresses share quota and proxy identities (0.429509ms)
✔ creation acknowledgement and cancellation never expose stale invitations (4.991685ms)
✔ unlisted preview excludes hashes and codes, host alone controls room mutations (1.870802ms)
✔ two concurrent contenders have one winner and cancellation frees the slot immediately (0.94646ms)
✔ mismatch, reconnect and retries do not extend the initial 120-second reservation (1.374725ms)
✔ only host membership receives heartbeat detection and 60-second recovery grace (0.869615ms)
✔ unused sessions expire, capacity is bounded, rate limits state their retry time (3.513765ms)
✔ strict metadata schema rejects uploads, arbitrary fields and malformed values (0.836791ms)
✔ real WebSockets enforce origin/auth/schema and atomic reservations across clients (55.077341ms)
✔ delayed cancellation cannot release a newer reservation from the same guest (0.869911ms)
✔ directory publishes admitted public metadata through reservation, visibility and recovery (1.963351ms)
✔ public-code admission shares invitation slot ownership, deadline and invalid-attempt limits (0.735431ms)
✔ public-code allocation retries collisions atomically and fails without creating a room (0.597877ms)
✔ health is content-free, other routes reject, shutdown closes listener (50.47754ms)
✔ configuration is explicit and rejects bad ports/stages (0.690298ms)
✔ SIGTERM exits a running coordinator cleanly (176.807624ms)
✔ directory search preserves distinct same-name rooms and supports names or exact normalized codes (3.502869ms)
✔ shared fingerprint preserves exact file, emulator, schema and settings identity (1.828788ms)
✔ worker accepts transferable ROMs and controller bytes, rejects malformed inputs (1.44464ms)
✔ battery request shape is correlated; loaded core owns the file-size policy (0.421753ms)
✔ state operations reuse local-file shape and correlation validation (0.435041ms)
✔ shared worker frames require a valid paired epoch and frame, and hash reuses the local RPC boundary (0.495457ms)
✔ rewind uses correlated finite-duration commands without a second file-size policy (0.295568ms)
ℹ tests 91
ℹ suites 0
ℹ pass 91
ℹ fail 0
ℹ cancelled 0
ℹ skipped 0
ℹ todo 0
ℹ duration_ms 1149.764883
Pre-flight passed (repository hygiene and D02 codec regression tests).
elapsed_seconds=23.96
