   Compiling unicode-ident v1.0.24
   Compiling proc-macro2 v1.0.107
   Compiling quote v1.0.47
   Compiling wasm-bindgen-shared v0.2.128
   Compiling cfg-if v1.0.4
   Compiling rustversion v1.0.23
   Compiling once_cell v1.21.4
   Compiling bumpalo v3.20.3
   Compiling serde_core v1.0.229
   Compiling version_check v0.9.5
   Compiling pin-project-lite v0.2.17
   Compiling typenum v1.20.1
   Compiling futures-core v0.3.34
   Compiling slab v0.4.12
   Compiling futures-task v0.3.34
   Compiling rand_core v0.10.1
   Compiling crc32fast v1.5.2
   Compiling futures-util v0.3.34
   Compiling serde v1.0.229
   Compiling getrandom v0.4.3
   Compiling generic-array v0.14.7
   Compiling zmij v1.0.23
   Compiling serde_json v1.0.151
   Compiling adler2 v2.0.1
   Compiling simd-adler32 v0.3.10
   Compiling thiserror v2.0.20
   Compiling option-ext v0.2.0
   Compiling miniz_oxide v0.9.1
   Compiling dirs-sys v0.5.0
   Compiling chacha20 v0.10.2
   Compiling tracing-core v0.1.36
   Compiling unty v0.0.4
   Compiling memchr v2.8.3
   Compiling itoa v1.0.18
   Compiling tetanes-core v0.17.0 (/tmp/retro-d11-gameplay/vendor/tetanes-core)
   Compiling wasm-bindgen v0.2.128
   Compiling rand v0.10.2
   Compiling syn v3.0.5
   Compiling flate2 v1.1.10
   Compiling tracing v0.1.44
   Compiling dirs v6.0.0
   Compiling base64 v0.23.1
   Compiling block-buffer v0.10.4
   Compiling crypto-common v0.1.7
   Compiling digest v0.10.7
   Compiling sha2 v0.10.9
   Compiling bitflags v2.13.2
   Compiling wasm-bindgen-macro-support v0.2.128
   Compiling serde_derive v1.0.229
   Compiling thiserror-impl v2.0.20
   Compiling bincode v2.0.1
   Compiling wasm-bindgen-macro v0.2.128
   Compiling js-sys v0.3.105
   Compiling web-sys v0.3.105
   Compiling web-time v1.1.0
   Compiling retro-coop-d02 v0.1.0 (/tmp/retro-d11-gameplay/spikes/d02)
    Finished `release` profile [optimized] target(s) in 49.17s
compile_seconds=49.18
