    Finished `release` profile [optimized] target(s) in 0.95s
     Running unittests src/lib.rs (target/release/deps/retro_coop_d02-5664440c6be2a5de)

running 13 tests
test memory_tail::tests::fragment_contains_only_mutable_tail_and_preserves_local_rom ... ok
test memory_tail::tests::invalid_fragments_leave_all_memory_untouched ... ok
test memory_tail::tests::upstream_memory_decoder_accepts_small_payload_requesting_large_arena ... ok
test battery::tests::mmc1_bank_partial_serial_state_and_ram_survive_battery_restore ... ok
test battery::tests::invalid_battery_files_are_transactional_and_identity_is_exact ... ok
test local_player::tests::battery_abi_bounds_binding_and_failure_preserve_loaded_game ... ok
test realtime_tests::manual_controller_ports_render_and_release ... ok
test battery::tests::mmc3_and_bandai_battery_extensions_roundtrip_and_replay ... ok
test checkpoint::tests::preserves_cpu_jam_flag_which_upstream_omits ... ok
test checkpoint::tests::adversarial_inputs_fail_before_mutating_live_core ... ok
test local_player::tests::non_nrom_local_save_replay_and_errors ... ok
test checkpoint::tests::complete_roundtrip_restores_hardware_and_new_audio_epoch ... ok
test realtime_tests::presentation_filter_preserves_core_checkpoint_and_raw_video ... ok

test result: ok. 13 passed; 0 failed; 0 ignored; 0 measured; 0 filtered out; finished in 1.36s

PASS: worklet capacity, actual PCM, underrun, epoch flush/fade, stale rejection, drain notification and frozen accounting
PASS: bounded scheduling resumes identical inputs; absolute voice slots avoid drift and expose missed samples
PASS: actual hello match/mismatch, bounded input/hash envelopes and duplicate rejection
.......
----------------------------------------------------------------------
Ran 7 tests in 0.072s

OK
..................
----------------------------------------------------------------------
Ran 18 tests in 3.405s

OK

> typecheck
> tsc --noEmit


> test
> node --test apps/coordinator/src/*.test.ts packages/contracts/src/*.test.ts apps/client/src/*.test.ts

✔ admission is structural, accepts unknown mapper metadata and large valid files (1.428312ms)
✔ malformed header, truncation and impossible NES2 exponent sizes fail locally (0.702859ms)
✔ neutral defaults depend only on random values, never cartridge data (1.160658ms)
✔ all eight NES inputs and reserved talk binding share conflict detection (1.261985ms)
✔ gamepad axes/buttons use the demo-owned defaults and custom assignments (0.748037ms)
✔ default restoration returns independent mapping arrays (0.676806ms)
✔ creation acknowledgement and cancellation never expose stale invitations (3.920694ms)
✔ unlisted preview excludes hashes and codes, host alone controls room mutations (0.871472ms)
✔ two concurrent contenders have one winner and cancellation frees the slot immediately (0.667118ms)
✔ mismatch, reconnect and retries do not extend the initial 120-second reservation (0.754602ms)
✔ only host membership receives heartbeat detection and 60-second recovery grace (1.527138ms)
✔ unused sessions expire, capacity is bounded, rate limits state their retry time (1.767631ms)
✔ strict metadata schema rejects uploads, arbitrary fields and malformed values (0.639419ms)
✔ real WebSockets enforce origin/auth/schema and atomic reservations across clients (42.889751ms)
✔ delayed cancellation cannot release a newer reservation from the same guest (0.67266ms)
✔ directory publishes admitted public metadata through reservation, visibility and recovery (1.413786ms)
✔ public-code admission shares invitation slot ownership, deadline and invalid-attempt limits (0.67324ms)
✔ public-code allocation retries collisions atomically and fails without creating a room (0.457129ms)
✔ health is content-free, other routes reject, shutdown closes listener (40.887047ms)
✔ configuration is explicit and rejects bad ports/stages (0.586033ms)
✔ SIGTERM exits a running coordinator cleanly (144.079704ms)
✔ directory search preserves distinct same-name rooms and supports names or exact normalized codes (1.742891ms)
✔ shared fingerprint preserves exact file, emulator, schema and settings identity (1.516514ms)
✔ worker accepts transferable ROMs and controller bytes, rejects malformed inputs (1.26821ms)
✔ battery request shape is correlated; loaded core owns the file-size policy (0.397682ms)
ℹ tests 25
ℹ suites 0
ℹ pass 25
ℹ fail 0
ℹ cancelled 0
ℹ skipped 0
ℹ todo 0
ℹ duration_ms 386.818615
Pre-flight passed (repository hygiene and D02 codec regression tests).
Elapsed: 7.70 seconds
